<html>
<body>
<pre>
<h1>µVision Build Log</h1>
<h2>Tool Versions:</h2>
IDE-Version: ¦ÌVision V5.25.2.0
Copyright (C) 2018 ARM Ltd and ARM Germany GmbH. All rights reserved.
License Information: qi t, friday, LIC=LJWMM-XXAG9-9YMVW-QG9W6-6MJ38-CE9FX
 
Tool Versions:
Toolchain:       MDK-ARM Professional  Version: 5.25.2.0
Toolchain Path:  C:\Keil_v5\ARM\ARMCC\Bin
C Compiler:      Armcc.exe V5.06 update 6 (build 750)
Assembler:       Armasm.exe V5.06 update 6 (build 750)
Linker/Locator:  ArmLink.exe V5.06 update 6 (build 750)
Library Manager: ArmAr.exe V5.06 update 6 (build 750)
Hex Converter:   FromElf.exe V5.06 update 6 (build 750)
CPU DLL:         SARM.DLL V5.25.2.0
Dialog DLL:      DARMST9.DLL V1.9.0.0
Target DLL:      UL2ARM.DLL V1.74.10.0
Dialog DLL:      TARMST9.DLL V1.10.0.0
 
<h2>Project:</h2>
F:\L2\CH563\src\UCOS\Example3\MDK4\CH563.uvproj
Project File Date:  08/18/2019

<h2>Output:</h2>
*** Using Compiler 'V5.06 update 6 (build 750)', folder: 'C:\Keil_v5\ARM\ARMCC\Bin'
Build target 'CH563'
assembling STARTUP.S...
compiling SYSFREQ.C...
compiling MAIN.C...
compiling OS_TIME.C...
compiling OS_FLAG.C...
compiling OS_CORE.C...
compiling OS_MEM.C...
compiling OS_MBOX.C...
compiling OS_MUTEX.C...
compiling OS_Q.C...
compiling OS_SEM.C...
compiling OS_TASK.C...
assembling Os_cpu_a.s...
compiling Os_cpu_c.c...
assembling Os_int_a.s...
compiling bsp.c...
linking...
..\..\..\SRC\CH563D64.SCF(20): warning: L6329W: Pattern STARTUP.O(HEAP) only matches removed unused sections.
Program Size: Code=6884 RO-data=296 RW-data=64 ZI-data=5316  
Finished: 0 information, 1 warning and 0 error messages.
FromELF: creating hex file...
"..\Obj\CH563.axf" - 0 Error(s), 1 Warning(s).
Build Time Elapsed:  00:00:02
</pre>
</body>
</html>
